  atms      ATMs             -> 10 countries, 39 annual points
  pos       POS terminals    -> 10 countries, 39 annual points
  branches  Bank branches    -> 10 countries, 100 annual points
  cash      Cash withdrawals -> 10 countries, 38 annual points
structural_series.json: 10 countries, 40 series, 216 points -> C:/Users/User/Dropbox/E - PRINTEC GROUP/AI/MARKET RESEARCH/BANKING\intel-cache\structural_series.json
  NCR Atleos       (NATL) -> 5 annual revenue points 2021-2025
  Diebold Nixdorf  (DBD) -> 7 annual revenue points 2018-2025
  Euronet          (EEFT) -> 8 annual revenue points 2018-2025
  Brink's          (BCO) -> 8 annual revenue points 2018-2025
competitor_series.json: 4 competitors -> C:/Users/User/Dropbox/E - PRINTEC GROUP/AI/MARKET RESEARCH/BANKING\intel-cache\competitor_series.json
  NCR Atleos       FY2023: Self-Service Banking=  2581.0 · ratio=0.62 (intersegment co) -> OK
  NCR Atleos       FY2024: Self-Service Banking=  2696.0 · ratio=0.63 (intersegment co) -> OK
  NCR Atleos       FY2025: Self-Service Banking=  2881.0 · ratio=0.66 (intersegment co) -> OK
  Diebold Nixdorf  FY2020: Banking=  1431.1 · segsum=2483 vs 3902.3 -> REJECT
  Diebold Nixdorf  FY2021: Banking=  1353.8 · segsum=2548 vs 3905.2 -> REJECT
  Diebold Nixdorf  FY2022: Banking=  2422.4 · segsum=3461 vs 3460.7 -> OK
  Diebold Nixdorf  FY2023: Banking=  1157.6 · no total -> REJECT
  Diebold Nixdorf  FY2024: Banking=  2762.8 · segsum=3751 vs 3751.1 -> OK
  Diebold Nixdorf  FY2025: Banking=  2797.0 · segsum=3806 vs 3805.7 -> OK
  Euronet          FY2020: EFT Processing=468726.0 · segsum=2488092 vs 2482.7 -> REJECT
  Euronet          FY2021: EFT Processing=591138.0 · segsum=3003577 vs 2995.5 -> REJECT
  Euronet          FY2022: EFT Processing=924208.0 · segsum=3366521 vs 3358.8 -> REJECT
  Euronet          FY2023: EFT Processing=  1058.3 · segsum=3696 vs 3688.0 -> OK
  Euronet          FY2024: EFT Processing=  1161.2 · segsum=3998 vs 3989.8 -> OK
  Euronet          FY2025: EFT Processing=  1283.7 · segsum=4254 vs 4244.2 -> OK
  Euronet ATM fleet: [(2019, 46070), (2020, 37729), (2021, 42713), (2022, 45009), (2023, 47303), (2024, 55248), (2025, 56818)]
merged segment revenue + ATM fleet into competitor_series.json
TED: 186 in-scope notice(s) since 20260526 for 10 countries x 6 CPV families
ted_notices.json: 186 notices written (3 keyword-relevant) -> C:/Users/User/Dropbox/E - PRINTEC GROUP/AI/MARKET RESEARCH/BANKING\intel-cache\ted_notices.json
  ...incl. 72 with a named winner (69 fresh awards, 3 framework drawdowns/modifications) -> pass FRESH ones to Agent 6
Prozorro PrivatBank (14360570): 82 ATM/cash tenders (82 awarded)
Prozorro Oschadbank (00032129): 19 ATM/cash tenders (15 awarded)
Prozorro footprint sweep: 260 further ATM/cash tenders across UA buyers (235 awarded)
prozorro_notices.json -> C:/Users/User/Dropbox/E - PRINTEC GROUP/AI/MARKET RESEARCH/BANKING\intel-cache\prozorro_notices.json
  ok  PrivatBank                   [robota.ua     ] total=344 fetched=60
  ok  Oschadbank                   [robota.ua     ] total=637 fetched=60
  ok  PUMB / FUIB                  [robota.ua     ] total=150 fetched=60
  ok  monobank                     [robota.ua     ] total=59 fetched=59
  ok  Raiffeisen Bank Ukraine      [robota.ua     ] total=209 fetched=60
  ok  OTP Bank Ukraine             [robota.ua     ] total=151 fetched=60
  ok  Piraeus Bank                 [Workable      ] total=6 fetched=6
  ok  Raiffeisen Bank Ukraine      [Workable      ] total=182 fetched=182
  ok  Banca Transilvania           [hrscapi       ] total=18 fetched=18
  ok  Alpha Bank                   [SuccessFactors] total=38 fetched=38
  ok  BCR (Erste)                  [Erste         ] total=33 fetched=33
  ok  OTP Bank Hungary             [SuccessFactors] total=134 fetched=20
  ok  Raiffeisen banka             [infostud      ] total=3 fetched=3
  ok  OTP banka Srbija             [infostud      ] total=8 fetched=8
  ok  NLB Komercijalna banka       [infostud      ] total=1 fetched=1
  ok  Banca Intesa Beograd         [infostud      ] total=0 fetched=0
  ok  AikBank                      [infostud      ] total=0 fetched=0
  ok  OTP banka Slovenija          [FledgeHR      ] total=17 fetched=17
  ok  DSK Bank                     [dev.bg        ] total=29 fetched=0

jobs_listings.json: 19 source(s) ok, 0 failed, 685 roles cached -> C:/Users/User/Dropbox/E - PRINTEC GROUP/AI/MARKET RESEARCH/BANKING\intel-cache\jobs_listings.json
  (+6 browser-only sources documented as Operator-requests)
competitor_news Mellon Group: 2 post(s) since 2025-12-27 across 4 site(s)
competitor_news Asseco SEE / Payten: 28 post(s) since 2025-12-27 across 1 site(s)
competitor_news Netopia Payments: 1 post(s) since 2025-12-27 across 1 site(s)
competitor_news DAAC digital: 16 post(s) since 2025-12-27 across 1 site(s)
competitor_news Profile Software: 21 post(s) since 2025-12-27 across 1 site(s)
competitor_news SelfPay (ZebraPay): 23 post(s) since 2025-12-27 across 1 site(s)
competitor_news EuPlatesc (Eupay): 22 post(s) since 2025-12-27 across 1 site(s)
competitor_news Vpayments: 0 post(s) since 2025-12-27 across 1 site(s)
competitor_news Force1: 0 post(s) since 2025-12-27 across 1 site(s)
competitor_news.json: 113 post(s) across 9 competitor(s) -> C:/Users/User/Dropbox/E - PRINTEC GROUP/AI/MARKET RESEARCH/BANKING\intel-cache\competitor_news.json
C:\Users\User\Dropbox\E - PRINTEC GROUP\AI\MARKET RESEARCH\BANKING\weekly-intelligence\scripts\ingest.py:115: DeprecationWarning: 'maxsplit' is passed as positional argument
  head = re.split(r"[\s(/]", strip_md(s), 1)[0].upper()
C:\Users\User\Dropbox\E - PRINTEC GROUP\AI\MARKET RESEARCH\BANKING\weekly-intelligence\scripts\ingest.py:429: DeprecationWarning: datetime.datetime.utcnow() is deprecated and scheduled for removal in a future version. Use timezone-aware objects to represent datetimes in UTC: datetime.datetime.now(datetime.UTC).
  "generated_utc": datetime.datetime.utcnow().isoformat(timespec="seconds") + "Z",
merged ECB structural series: +38 series, +202 annual points
merged non-EU structural series: +13 series, +30 annual points
{
  "week": "2026-06-25",
  "generated_utc": "2026-06-25T07:10:17Z",
  "n_signals": 29,
  "n_new_this_week": 19,
  "n_high_conf": 28,
  "n_scoped_ev": 24,
  "n_timeseries_points": 330,
  "n_events": 13,
  "n_patterns": 8,
  "n_country_stats": 17,
  "stats_source_file": "2026-06-24.md",
  "master_table": "master-signal-table.md"
}
forecast.json: 48 projections | predictions ledger: 96 (0 resolved, MAPE=None)
C:\Users\User\Dropbox\E - PRINTEC GROUP\AI\MARKET RESEARCH\BANKING\weekly-intelligence\scripts\verify.py:104: DeprecationWarning: datetime.datetime.utcnow() is deprecated and scheduled for removal in a future version. Use timezone-aware objects to represent datetimes in UTC: datetime.datetime.now(datetime.UTC).
  "checked_utc": datetime.datetime.utcnow().isoformat(timespec="seconds") + "Z",
verify: 1253 sources | 1059 reachable, 157 http-error, 37 unreachable | snapshots in C:/Users/User/Dropbox/E - PRINTEC GROUP/AI/MARKET RESEARCH/BANKING\intel-cache\snapshots
warn: 15 outlook(s) not covered by the validator (oids [None, None, None, None, None, None, None, None, None, None, None, None, None, None, None]) — those fall back to self-report.
Wrote C:\Users\User\Dropbox\E - PRINTEC GROUP\AI\MARKET RESEARCH\BANKING\intel-cache\dashboard-data.json
KPIs: {"n_signals": 29, "n_new": 19, "n_high": 28, "n_imminent": 10, "n_countries_active": 16}
publish: skipped — set PRINTEC_DASHBOARD_URL and PRINTEC_UPLOAD_SECRET (or pass --url/--secret) to push to the live dashboard.

Dashboard data built: C:/Users/User/Dropbox/E - PRINTEC GROUP/AI/MARKET RESEARCH/BANKING\intel-cache\dashboard-data.json
Web snapshot refreshed: C:/Users/User/Dropbox/E - PRINTEC GROUP/AI/MARKET RESEARCH/BANKING\dashboard-web\data.json
